
> locura@0.1.0 build
> next build

node.exe : 
En C:\Program 
Files\nodejs\npm.ps1: 29 
Carácter: 3
+   & $NODE_EXE 
$NPM_CLI_JS $args
+   ~~~~~~~~~~~~~~~~~~~~~~~
~~~~~~
    + CategoryInfo         
     : NotSpecified: (:St  
  ring) [], RemoteExcept   
 ion
    + FullyQualifiedErrorI 
   d : NativeCommandError
 
> Build error occurred
Error: ENOTEMPTY: 
directory not empty, rmdir 
'C:\Users\edube\OneDrive\Es
criptori\locura\.next\serve
r\app\guia\agricultural-coo
perative-franchise\soc-2.se
gments'
    at ignore-listed 
frames {
  errno: -4051,
  code: 'ENOTEMPTY',
  syscall: 'rmdir',
  path: 'C:\\Users\\edube\\
OneDrive\\Escriptori\\locur
a\\.next\\server\\app\\guia
\\agricultural-cooperative-
franchise\\soc-2.segments'
}
